Resolving dependencies...
Downloading packages...
  archive 3.6.1 (4.0.9 available)
  characters 1.4.0 (1.4.1 available)
  connectivity_plus 6.1.5 (7.1.1 available)
  flutter_dotenv 5.2.1 (6.0.1 available)
  flutter_local_notifications 17.2.4 (21.0.0 available)
  flutter_local_notifications_linux 4.0.1 (8.0.0 available)
  flutter_local_notifications_platform_interface 7.2.0 (11.0.0 available)
  flutter_secure_storage 10.0.0 (10.1.0 available)
  flutter_secure_storage_darwin 0.2.0 (0.3.0 available)
  flutter_secure_storage_web 2.1.0 (2.1.1 available)
  gtk 2.1.0 (2.2.0 available)
  local_auth 2.3.0 (3.0.1 available)
  local_auth_android 1.0.56 (2.0.8 available)
  local_auth_darwin 1.6.1 (2.0.3 available)
  local_auth_windows 1.0.11 (2.0.1 available)
  matcher 0.12.17 (0.12.20 available)
  material_color_utilities 0.11.1 (0.13.0 available)
  meta 1.17.0 (1.18.2 available)
  native_toolchain_c 0.17.6 (0.18.0 available)
  permission_handler 11.4.0 (12.0.1 available)
  permission_handler_android 12.1.0 (13.0.1 available)
! sign_in_with_apple 6.1.4 (overridden) (8.0.0 available)
  sign_in_with_apple_platform_interface 1.1.0 (2.0.0 available)
  sign_in_with_apple_web 2.1.1 (3.0.0 available)
  synchronized 3.4.0 (3.4.0+1 available)
  test_api 0.7.7 (0.7.12 available)
  timezone 0.9.4 (0.11.0 available)
  url_launcher_web 2.4.2 (2.4.3 available)
  vector_math 2.2.0 (2.3.0 available)
  vm_service 15.1.0 (15.2.0 available)
  win32 5.15.0 (6.2.0 available)
  xml 6.6.1 (7.0.1 available)
Got dependencies!
32 packages have newer versions incompatible with dependency constraints.
Try `flutter pub outdated` for more information.
00:00 +0: loading C:/Users/allan/Videos/TCC/hiperdiario/hiperdiario_mobile/test/widget_test.dart
00:00 +0: (setUpAll)
supabase.supabase_flutter: INFO: ***** Supabase init completed ***** 
00:00 +0: Login screen renders
00:01 +1: (tearDownAll)
00:01 +1: All tests passed!
